=== TESTE DO MESTRE IA ===

1. Fazendo login como adm...
Ô£à Login OK. Token recebido.

2. Enviando: "Crie um blog completo sobre as ultimas noticias do Brasil com imagens"

ÔÅ│ Aguardando resposta da IA (pode demorar 10-20s)...

=== RESPOSTA DA IA ===
Mensagem: Ol├í, estou criando um layout de blog sobre as ├║ltimas not├¡cias do Brasil com imagens. Vou adicionar blocos de t├¡tulo, subt├¡tulo, texto, imagem e estat├¡sticas para manter o usu├írio informado.
Cor de fundo: #f5f5f5
Total de blocos: 10

  Bloco 1: [hero]
    URL: https://image.pollinations.ai/prompt/brazilian%20news%20studio%20with%20screens%20showing%20breaking%20news?width=800&height=400&nologo=true&seed=2985
    ├ë URL: SIM Ô£à
    Tem pollinations: SIM Ô£à
  Bloco 2: [title]
    Conte├║do: ├Ültimas Not├¡cias do Brasil
  Bloco 3: [subtitle]
    Conte├║do: Confira as not├¡cias mais recentes sobre pol├¡tica, economia e esportes
  Bloco 4: [text]
    Conte├║do: O Brasil est├í passando por um per├¡odo de mudan├ºas significativas em diversas ├íre...
  Bloco 5: [img]
    URL: https://image.pollinations.ai/prompt/brazilian%20president%20speaking%20at%20a%20press%20conference?width=600&height=400&nologo=true&seed=4011
    ├ë URL: SIM Ô£à
    Tem pollinations: SIM Ô£à
  Bloco 6: [text]
    Conte├║do: A [G]economia brasileira[/G] tamb├®m est├í enfrentando desafios, com a infla├º├úo e ...
  Bloco 7: [stat]
    Conte├║do: Infla├º├úo: 5%, Desemprego: 10%, Crescimento Econ├┤mico: 2%
  Bloco 8: [img]
    URL: https://image.pollinations.ai/prompt/graph%20showing%20brazilian%20inflation%20rate?width=600&height=400&nologo=true&seed=8213
    ├ë URL: SIM Ô£à
    Tem pollinations: SIM Ô£à
  Bloco 9: [text]
    Conte├║do: No campo esportivo, o Brasil est├í se preparando para a pr├│xima [G]Copa do Mundo[...
  Bloco 10: [img]
    URL: https://image.pollinations.ai/prompt/brazilian%20soccer%20players%20celebrating%20a%20goal%20in%20a%20big%20stadium?width=600&height=400&nologo=true&seed=6244
    ├ë URL: SIM Ô£à
    Tem pollinations: SIM Ô£à

=== TESTANDO DOWNLOAD DE IMAGEM ===
URL: https://image.pollinations.ai/prompt/brazilian%20news%20studio%20with%20screens%20showing%20breaking%20news?width=800&height=400&nologo=true&seed=2985
Baixando (pode demorar 5-10s)...
Status HTTP: 401
Content-Type: application/json
Tamanho: 230 bytes
ÔØî Resposta n├úo ├® imagem!
Body (preview): {"success":false,"error":{"message":"Authentication required. Please provide an API key via Authorization header (Bearer token) or ?key= query parameter.","code":"UNAUTHORIZED","timestamp":"2026-03-28

=== FIM DO TESTE ===
